{
    "blockHash": "0x432e0067ea0485d28e003c4183a54258dd21460778d494490c905e711fe808ad",
    "blockNumber": "0x432380",
    "contractAddress": "",
    "cumulativeGasUsed": "0x118464",
    "gasUsed": "0xc350",
    "logs": [],
    "logsBloom": "0x00000000000000000000000000000000000000000000000000000000000000000000000000000000000000000000000000000000000000000000000000000000000000000000000000000000000000000000000000000000000000000000000000000000000000000000000000000000000000000000000000000000000000000000000000000000000000000000000000000000000000000000000000000000000000000000000000000000000000000000000000000000000000000000000000000000000000000000000000000000000000000000000000000000000000000000000000000000000000000000000000000000000000000000000000000000",
    "root": "",
    "status": "0x0",
    "transactionHash": "0x4c65570f9ceab8a0a575af2f500b83c7d8077d595e42dff4c1f90e53b05c9ae8",
    "transactionIndex": "0x2e"
}