{
    "difficulty": "0x90c21c56929b2",
    "extraData": "0x743132",
    "gasLimit": "0x7a121d",
    "gasUsed": "0x79fac5",
    "hash": "0x7d5a4369273c723454ac137f48a4f142b097aa2779464e6505f1b1c5e37b5382",
    "logsBloom": "0x8584009c4dd8101162295d8604b1850200788d4c81f39044821155049d2c036a8a00d07f2a10383180984400b0290ba00293400c1d414a5018104a010220101909b918c601251215109755b90003c6a2c23490829e319a506281d9641ac39a840d3aa03e4a287900e0c09641594409a2010543016e966382c02040754030430e2d708316ec64008f0c0100c713b51f8004005bd48980143e08b22bf2262365b8b2658804a560f1028207666d10288144a5a14609a5bcb221280b13da2f4c8800d8422cc27126a46a04f08c00ca9004081d65cc75d10c62862256118481d2e881a993780808e0a00086e321a4602cb214c0044215281c2ccbca824aca00824a80",
    "miner": "0xb2930b35844a230f00e51431acae96fe543a0347",
    "mixHash": "0x94cd4e844619ee20989578276a0a9046877d569d37ba076bf2e8e34f76189dea",
    "nonce": "0x4617a20003ba3f25",
    "number": "0x4c4b40",
    "parentHash": "0xcae4df80f5862e4321690857eded0d8a40136dafb8155453920bade5bd0c46c0",
    "receiptsRoot": "0x6db67db55d5d972c59646a3bda26a39422e71fe400e4cdf9eb7f5c09b0efa7d0",
    "sha3Uncles": "0x1dcc4de8dec75d7aab85b567b6ccd41ad312451b948a7413f0a142fd40d49347",
    "size": "0x5dd1",
    "stateRoot": "0x6092dfd6bcdd375764d8718c365ce0e8323034da3d3b0c6d72cf7304996b86ad",
    "timestamp": "0x5a70760d",
    "totalDifficulty": "0x7be181d83d2d77d052",
    "transactionsRoot": "0x91dfce7cc2174482b5ebcf6f4beedce854641982eadb1a8cf538e3206abf7836",
    "uncles": [],
    "transactionsWithoutData": [
        "0x569c5b35f203ca6db6e2cec44bceba756fad513384e2bd79c06a8c0181273379",
        "0x696a35492b283624ccf4ae9438ae2d5d5e84a4a00798155b568d1eb52606d829",
        "0xb4de9f39cf7b6218d51ded0174007d4f9344ddfa690f9c94af00b4d18b7d3bb0",
        "0x889750534901fa3db4e044786097d275b56eefb091e40c45241892bce03729da",
        "0x1c947c0b8f087171a4e54bcbdae169aee4e740ee09e997be0820fb3d58bd49f6",
        "0xf29819bc5b114851494262c25728e697bd1b679646be9a5e4d12431868057b39",
        "0x3709cb1903e26cbbb1d44af0c41e126f5cc718f5343daabbfa31b956a7395eae",
        "0x5b252a6c4c6c4348c6c35a85df7d432ceea0b71459d9980755d8e906e0ab57b1",
        "0xe76a14cd47adad50687565f75c41223bbafd786890076c024f4ae8addea7635b",
        "0x3b5f0b05cf51bfd65c509c1e4adca86e50622f193abd92fb84b050e548d0f3a9",
        "0xc3ef85864e9dd0b65c822416dc882da379cebb947deb3f01ca950a1d737d1317",
        "0xded2f1d126b873f8fe60e128ff0f39e9f3fc7fe516345c1832ae016035a96d78",
        "0x3cd56c08d3af62c4533dbd18c62b252287a9d87468cc802f010d29adc7c9ac0b",
        "0x2f70fa29730249f10a7a64d3dfa426cb4e44e3edad8ea0ecae56b687e7b7bbc1",
        "0x50bd1efb30794dda13bd67a7d6f5ea358fb2cf6ccfaa6a178baf2216849ba4d6",
        "0xd69c3c8b4b8b09fed0e8a3586583ead35ff104a7abec17def79a7556acd9f0b9",
        "0xa7812aaf1bf042b5276ee3bef7b4fdafd8b667815a79751134577e94193d63a0",
        "0x5d23d932b844aae22653903e47bfdf20ae3da3d570df6da31be0fe45d9f1cb7b",
        "0xa4ddd7ae5775b57993e77bf77d08edadc0f609d4d4e3170fe0a1a636dd5efc3b",
        "0x74f7fff70e21e3cdb9386868ebe718770ae4a5c67945ff2f5a658f996b3ec88f",
        "0x4ebf7f5d5673b06abf1f69c1c28285c44d70b6b4536ee6fc96c3a5f4ac18b643",
        "0x3460455198a751a72cf49e17ced434852ee1ee94ac81d5508f4ae3a44d64cb99",
        "0x26c4afdb927218a37fe04a1557c7bdcacf77494ea1414f32a1c537b694f6cfd2",
        "0xa6a786e5461b78700da1d1580cad4b8b56470f215aae6f575919f344de77b148",
        "0xa401a57d82f6de33cd4796ae8336bccac903d8fa65a76cc06ac2e80b89c3bb50",
        "0x8ff0f68fed41bce9b91687616fb68989708167c6ec07910492aa6848c80989bd",
        "0x058ddeab6f98df3661ad8b90e8ba5541342c8bf7194eace86b3206e96b377cb3",
        "0x24a6295d33508c73455f0b2c54020ac0d6251b9c4a10602154d6412ba08e9e85",
        "0x3ac6132405fb6fce3cf04f947ac8e91da92b48a2ae4666e377535eaf1f2c7d48",
        "0xd7c4e7c61f2db278ddd0c70e3bae372a8d91ea909871c57b197e203aa03555e2",
        "0x33e3a6780eab07586bd3951e5c44fdfabfe7efcf1b22833da2ec2acf7a11ccbe",
        "0xc274f066f7179e13160df4fcea3622f62901dd84d664f221c874d899c1df4799",
        "0x613fd4a2e884ad9949ad42076e6d480e0621e1ea27b5559cc64aadc052a73bd5",
        "0xd464bca4552371be4aa96a74370dafa9d3efa4f7196e21444644c852d44f79ca",
        "0xcc9aa0df9dbfbff85e5caf968887fe6e575a0e12788515d13e124b9c7e91d6f3",
        "0xbf1530a1bc3c2c5c9452f683bf0391424d73fef3e8cc81c3b74d4ac6bc6dba65",
        "0xe0aeba3ffdead78551361c59c8d8583f750a94c1982e96e6f5de84902835e56b",
        "0x104f8b11d1d9583640330d05daa87110386d6798c2b6cd8f1b5e9549ebef3472",
        "0x879f8791a0994d393e81e948818a278aa0d85b62662a3c5d146c506a2021b690",
        "0x9f72a886fba356af05a5effb99693dc90d1424be0c9756d4ec80ef68aa557d17",
        "0xaa33979e331940a0b8cd9069ab3ef0f8788f9a956e916da10ce87e3a99cbf512",
        "0xdecbdac6695845d5399e6f62b5182bbdff641aadf687c4d5d7601a76b22fa918",
        "0xba996e8d2feab66b165e23feaa56939c6ddfbf21ff5a38a9c00f7010ba2bc7cf",
        "0x65784cc03a18fa4ba92c5ebd7d3d3827da2109345d317456d33fd8f293dfffc1",
        "0xd56ec0c74c0272c7e71ca65c944c70d8d4160e570692609e22a4b1022babcbf1",
        "0x04dceef18be4620144be14f27abc733c0b2178f39a66c1135ae75a6bace46659",
        "0xc3e1a6b35abd7fd26fc72ef4f2c9fdfe67c5bde78f3ddd847a83760c76f88405",
        "0xf7c221cad993e24c8cc447e51bbb870799195d0647cac006efc47a7a665e5db5",
        "0xfe6e82694b66115db9fc00db5e90a8eb50409fce896bd21d3ff9ba6abbef489f",
        "0x72d0f4f165169cde7181cfd44b592d761f13d22f00c9fd0f2f63116ea8f5beb8",
        "0xb1dc11691eb8285ab2d9f0910b47eb4379604cefcc51cbd1b5e3182e3c773e3d",
        "0x9909f21e7327d03167c56b2820494a0b134794c4c20c2ac97b82747163a91949",
        "0xd67e95d3ba6ba09164492396a07c7537a8cb1c58a1b975a806a385d16e448c2e",
        "0x20098b8adfbaa2c67b1c6f50f9fb138816c45b459a4116563d82eb9c006a0a1d",
        "0x8db11b2db8dd39e6f82360fd7aa9111102feccf054b2e4047e833ea269b7d833",
        "0x7595469b9ec9464a848b990df95fa373a5a55dd0f7793179a0f21603bd008298",
        "0xa38801dad0671afb53aa398a83ee45f4c700edc78ae825e02f51906da43c51e7",
        "0x0cc22c7f31c2b5db63ce26b01bfe78af8ad2e632c2fd4e7e3a04ab9b0a610a6f",
        "0x06953ff02055e3f42f73359f0aac4d95e8a859d21db012970ccf07c8226224bf",
        "0x85c7463f907da4ef530105260ba23a57c13c62ae055ff71a5fc8e893abc90d69",
        "0x0cde97b11cc71cc78ccbca607bf35f04e8f8b04dcbef698e2c5e52fc07d4c6a1",
        "0x641f5f823f06882c709d2a22f2058a440fae0845b85a279fd3e86c9317ff9ed4",
        "0x0384367ab330552f4bc127a809069b711d9c4e05582ddcc4d1c461a84ce4b14d",
        "0x56ee7a0f1705e1d2138e0c12ebd47225882bf1e62ef4028e44ba1a6c5730a2cc",
        "0x8dc6793a0dacf72ecb8e8121443bddb5d18cdeeac1d11e680dde2430b1d8064a",
        "0x139e7e0c329c458f5cbc9ec9418ca19df59cbf619f1ede2c1d210930b819ffe6",
        "0x427c27e37a46ffaf398d03249041baa44a7b34c6226583c94797c78f8756b4bd",
        "0x7cc930cef131502bb78c13012caf0d99117892601b81fb95958aac98191fe6fb",
        "0x7436adb6ed6d0bf52e7ecef8e8396dfae6dbe868b6f162c67d5ca3c31130e2cf",
        "0xd27d390d2ced77fe3758dee533f0dd27a41fef5f02089aa4bb7b9669da527ffa",
        "0x7f06c2055c6e5cfc50f0e222ff5b16af7642031f9dab1535efb9634c8a00807c",
        "0xd1997d2747f6c12807a72f714aa8f3d28eb4c080bb850e7191e6a74543a8ef46",
        "0xa842bbad9e3fd0995629e260ee4889b7d5f64f482651b31ae2a08a6a74e25944",
        "0xc874c435c2ae2f68a85df428526c324552b35c966b02d081c054b2cc8f5c19fe",
        "0x6f8c9babf9f67abaeeb6debb99769ef73efee11a0e3a62b3c994964090c79b57",
        "0xbca5f40231f1475d0a70673da84bc56bc2cc7022c5633364f6ffa3b26f4a1c7a",
        "0xebc26d92a9bfc0962b23b0eb72e00842c8d9082f44205e5d18777ea431083a1c",
        "0x8c4887ba1354d5ba760435bf420e61cdb2f6cf26ece49fef67638d956ccbfa14",
        "0x49e4ace49dd66078d5ac652cf72056055917ce7f56f41ef63c4be0ccc2b6abf7",
        "0xafd03c910d1743318ec788a4112bb49406a80dec133abcd927595cc71d63c395",
        "0xccf3d5613312d26613ef4a601040c924476c6814feb9a89de7ae139f1cf76425",
        "0x946dee822a05cf5a76d6485985f08db505780ac72450ecb294c6e4b77b4f7dac",
        "0xe88c93048b74b6b5b285ecbdce75d69ab1cdb38d0b43cdc8982f5e5c923eeb7f",
        "0xe62d239137428a372512dcb69fe167a6f9c71c025cdb3a0cfce9cdd57995eeed",
        "0xcdfa195b73684ca3826cdd05cbf3a892526797fc1e7e93c3c6931ccd9cc0aa8e",
        "0x3968e17f2a168a6864c5815f473678d2b4bc76fa9d853f813b9fc63ffe2b026b",
        "0x190c3f6497ddacdf949d1f17401a8eb7529739f49e56293e0ddc783b63c99e4b",
        "0x8795a8785ce994ca684c753dcc54df7c89d2a8246170be7bdc86f14f4e427aae",
        "0x48ab76fe7c270d86effc34ac3cc7e821feff3c2e01bcdc5667b9730cde03b43d",
        "0x8be319515b7535b02367b650f99c0548b02b02091d298f173fb7424451aade2d",
        "0x39ff3f84516352a84441191e907ae5828a7e2ccd76d47e41f3288a6178bf0189",
        "0x4b8c6449d655ed4869e17817c014b94c0fcc8ebfe79a76124e004736b9aa2f7c",
        "0x676306e1489bb343f45f2759fa7d8709da26c0396697b389cb50e0f7fbf462cc",
        "0x347f89a131adbfc916cc5f33804f3b3b423c9ddbc993bb30279e6d05b51b4f37",
        "0xd8153644752a1e1bb4db3a1ae777c8929fa365e6e714daf1b7c52a93ec2f7b52",
        "0xfb5747d8406154a0873cf704194e916e7d531dc4b51b112e32c969700d5a7524",
        "0xe269325371a23a2c2df50182e7a35db6a6aa0f839910c3e151597694afc6f516",
        "0x49cf4a2fa4fb5f1b3e35d437072bc586246efb09300244b3d686b3064896a7be",
        "0x88c7e5f2bedd21066f1cef8c7827e5498b4a9beebd6acf4385dc696d4e0faa4a",
        "0xea55618f67ebc1b52dfab39f2ba47bb6effbb04c879c43aa9c1f248fcbf17508",
        "0x8cdc1ea122b71a02e5f4b60049b0864f7f3fb2750b5f219d13a408348b7181e9",
        "0x292fb1e997df1832ec80a24b61e3f449b056501bc0bc92a86912285a8a819175",
        "0x381a07c45b72ac755855c2ebf3a90c9d0fe9a294ce93bd8ae394947f0829febb",
        "0xd2846f5c08d917fbc85528af2be757c6de23f7a349e94392cc8fc4fe4654d36c",
        "0xc18604dd4c911148f43900ca26480527022132b0fe821a03a72ec6b69d761d1c",
        "0x218651412101c68079b2e1a91e9b9c69c4269107a00c88c4c5cee249af7f2d7e",
        "0x3f61cfc7597f44b51bda511169ddbc4125922abcaed505c6beb05ac2912efc38",
        "0xd67643a3bf0bb11861cdb76b5f791b59a2017f062f0c3ac5e3dacd950bfb9497",
        "0xaa2703c3ae5d0024b2c3ab77e5200bb2a8eb39a140fad01e89a495d73760297c"
    ]
}